// Jest Snapshot v1, https://goo.gl/fbAQLP

exports[`renders correctly 1`] = `
<Text
  style={
    Array [
      Object {
        "fontFamily": "san-francisco",
        "fontSize": 18,
      },
      undefined,
    ]
  }
/>
`;
